[
    {
        "date_tz": "2020-11-03",
        "files": [
            "../input2/node/images/frames/farm-xxx/camera-1/images/2020-11-03/08/*{'farm-xxx_barn-3_camera-1_2020-11-03T08h00m00s+0000.png', 'farm-xxx_barn-3_camera-1_2020-11-03T08h01m00s+0000.png', 'farm-xxx_barn-3_camera-1_2020-11-03T08h02m00s+0000.png', 'farm-xxx_barn-3_camera-1_2020-11-03T08h03m00s+0000.png', 'farm-xxx_barn-3_camera-1_2020-11-03T08h04m00s+0000.png', 'farm-xxx_barn-3_camera-1_2020-11-03T08h05m00s+0000.png'}",
            "../input2/node/images/frames/farm-xxx/camera-1/images/2020-11-03/09/*{'farm-xxx_barn-3_camera-1_2020-11-03T09h00m00s+0000.png', 'farm-xxx_barn-3_camera-1_2020-11-03T09h01m00s+0000.png', 'farm-xxx_barn-3_camera-1_2020-11-03T09h02m00s+0000.png', 'farm-xxx_barn-3_camera-1_2020-11-03T09h03m00s+0000.png', 'farm-xxx_barn-3_camera-1_2020-11-03T09h04m00s+0000.png', 'farm-xxx_barn-3_camera-1_2020-11-03T09h05m00s+0000.png'}",
            "../input2/node/images/frames/farm-xxx/camera-1/images/2020-11-03/10/*{'farm-xxx_barn-3_camera-1_2020-11-03T10h00m00s+0000.png', 'farm-xxx_barn-3_camera-1_2020-11-03T10h01m00s+0000.png', 'farm-xxx_barn-3_camera-1_2020-11-03T10h02m00s+0000.png', 'farm-xxx_barn-3_camera-1_2020-11-03T10h03m00s+0000.png', 'farm-xxx_barn-3_camera-1_2020-11-03T10h04m00s+0000.png', 'farm-xxx_barn-3_camera-1_2020-11-03T10h05m00s+0000.png'}",
            "../input2/node/images/frames/farm-xxx/camera-1/images/2020-11-03/11/*{'farm-xxx_barn-3_camera-1_2020-11-03T11h00m00s+0000.png', 'farm-xxx_barn-3_camera-1_2020-11-03T11h01m00s+0000.png', 'farm-xxx_barn-3_camera-1_2020-11-03T11h02m00s+0000.png', 'farm-xxx_barn-3_camera-1_2020-11-03T11h03m00s+0000.png', 'farm-xxx_barn-3_camera-1_2020-11-03T11h04m00s+0000.png', 'farm-xxx_barn-3_camera-1_2020-11-03T11h05m00s+0000.png'}",
            "../input2/node/images/frames/farm-xxx/camera-1/images/2020-11-03/12/*{'farm-xxx_barn-3_camera-1_2020-11-03T12h00m00s+0000.png', 'farm-xxx_barn-3_camera-1_2020-11-03T12h01m00s+0000.png', 'farm-xxx_barn-3_camera-1_2020-11-03T12h02m00s+0000.png', 'farm-xxx_barn-3_camera-1_2020-11-03T12h03m00s+0000.png', 'farm-xxx_barn-3_camera-1_2020-11-03T12h04m00s+0000.png', 'farm-xxx_barn-3_camera-1_2020-11-03T12h05m00s+0000.png'}",
            "../input2/node/images/frames/farm-xxx/camera-1/images/2020-11-03/13/*{'farm-xxx_barn-3_camera-1_2020-11-03T13h00m00s+0000.png', 'farm-xxx_barn-3_camera-1_2020-11-03T13h01m00s+0000.png', 'farm-xxx_barn-3_camera-1_2020-11-03T13h02m00s+0000.png', 'farm-xxx_barn-3_camera-1_2020-11-03T13h03m00s+0000.png', 'farm-xxx_barn-3_camera-1_2020-11-03T13h04m00s+0000.png', 'farm-xxx_barn-3_camera-1_2020-11-03T13h05m00s+0000.png'}",
            "../input2/node/images/frames/farm-xxx/camera-1/images/2020-11-03/14/*{'farm-xxx_barn-3_camera-1_2020-11-03T14h00m00s+0000.png', 'farm-xxx_barn-3_camera-1_2020-11-03T14h01m00s+0000.png', 'farm-xxx_barn-3_camera-1_2020-11-03T14h02m00s+0000.png', 'farm-xxx_barn-3_camera-1_2020-11-03T14h03m00s+0000.png', 'farm-xxx_barn-3_camera-1_2020-11-03T14h04m00s+0000.png', 'farm-xxx_barn-3_camera-1_2020-11-03T14h05m00s+0000.png'}",
            "../input2/node/images/frames/farm-xxx/camera-1/images/2020-11-03/15/*{'farm-xxx_barn-3_camera-1_2020-11-03T15h00m00s+0000.png', 'farm-xxx_barn-3_camera-1_2020-11-03T15h01m00s+0000.png', 'farm-xxx_barn-3_camera-1_2020-11-03T15h02m00s+0000.png', 'farm-xxx_barn-3_camera-1_2020-11-03T15h03m00s+0000.png', 'farm-xxx_barn-3_camera-1_2020-11-03T15h04m00s+0000.png', 'farm-xxx_barn-3_camera-1_2020-11-03T15h05m00s+0000.png'}",
            "../input2/node/images/frames/farm-xxx/camera-1/images/2020-11-03/16/*{'farm-xxx_barn-3_camera-1_2020-11-03T16h00m00s+0000.png', 'farm-xxx_barn-3_camera-1_2020-11-03T16h01m00s+0000.png', 'farm-xxx_barn-3_camera-1_2020-11-03T16h02m00s+0000.png', 'farm-xxx_barn-3_camera-1_2020-11-03T16h03m00s+0000.png', 'farm-xxx_barn-3_camera-1_2020-11-03T16h04m00s+0000.png', 'farm-xxx_barn-3_camera-1_2020-11-03T16h05m00s+0000.png'}",
            "../input2/node/images/frames/farm-xxx/camera-1/images/2020-11-03/17/*{'farm-xxx_barn-3_camera-1_2020-11-03T17h00m00s+0000.png', 'farm-xxx_barn-3_camera-1_2020-11-03T17h01m00s+0000.png', 'farm-xxx_barn-3_camera-1_2020-11-03T17h02m00s+0000.png', 'farm-xxx_barn-3_camera-1_2020-11-03T17h03m00s+0000.png', 'farm-xxx_barn-3_camera-1_2020-11-03T17h04m00s+0000.png', 'farm-xxx_barn-3_camera-1_2020-11-03T17h05m00s+0000.png'}",
            "../input2/node/images/frames/farm-xxx/camera-1/images/2020-11-03/18/*{'farm-xxx_barn-3_camera-1_2020-11-03T18h00m00s+0000.png', 'farm-xxx_barn-3_camera-1_2020-11-03T18h01m00s+0000.png', 'farm-xxx_barn-3_camera-1_2020-11-03T18h02m00s+0000.png', 'farm-xxx_barn-3_camera-1_2020-11-03T18h03m00s+0000.png', 'farm-xxx_barn-3_camera-1_2020-11-03T18h04m00s+0000.png', 'farm-xxx_barn-3_camera-1_2020-11-03T18h05m00s+0000.png'}",
            "../input2/node/images/frames/farm-xxx/camera-1/images/2020-11-03/19/*{'farm-xxx_barn-3_camera-1_2020-11-03T19h00m00s+0000.png', 'farm-xxx_barn-3_camera-1_2020-11-03T19h01m00s+0000.png', 'farm-xxx_barn-3_camera-1_2020-11-03T19h02m00s+0000.png', 'farm-xxx_barn-3_camera-1_2020-11-03T19h03m00s+0000.png', 'farm-xxx_barn-3_camera-1_2020-11-03T19h04m00s+0000.png', 'farm-xxx_barn-3_camera-1_2020-11-03T19h05m00s+0000.png'}",
            "../input2/node/images/frames/farm-xxx/camera-1/images/2020-11-03/20/*{'farm-xxx_barn-3_camera-1_2020-11-03T20h00m00s+0000.png', 'farm-xxx_barn-3_camera-1_2020-11-03T20h01m00s+0000.png', 'farm-xxx_barn-3_camera-1_2020-11-03T20h02m00s+0000.png', 'farm-xxx_barn-3_camera-1_2020-11-03T20h03m00s+0000.png', 'farm-xxx_barn-3_camera-1_2020-11-03T20h04m00s+0000.png', 'farm-xxx_barn-3_camera-1_2020-11-03T20h05m00s+0000.png'}",
            "../input2/node/images/frames/farm-xxx/camera-1/images/2020-11-03/21/*{'farm-xxx_barn-3_camera-1_2020-11-03T21h00m00s+0000.png', 'farm-xxx_barn-3_camera-1_2020-11-03T21h01m00s+0000.png', 'farm-xxx_barn-3_camera-1_2020-11-03T21h02m00s+0000.png', 'farm-xxx_barn-3_camera-1_2020-11-03T21h03m00s+0000.png', 'farm-xxx_barn-3_camera-1_2020-11-03T21h04m00s+0000.png', 'farm-xxx_barn-3_camera-1_2020-11-03T21h05m00s+0000.png'}",
            "../input2/node/images/frames/farm-xxx/camera-1/images/2020-11-03/22/*{'farm-xxx_barn-3_camera-1_2020-11-03T22h00m00s+0000.png', 'farm-xxx_barn-3_camera-1_2020-11-03T22h01m00s+0000.png', 'farm-xxx_barn-3_camera-1_2020-11-03T22h02m00s+0000.png', 'farm-xxx_barn-3_camera-1_2020-11-03T22h03m00s+0000.png', 'farm-xxx_barn-3_camera-1_2020-11-03T22h04m00s+0000.png', 'farm-xxx_barn-3_camera-1_2020-11-03T22h05m00s+0000.png'}",
            "../input2/node/images/frames/farm-xxx/camera-1/images/2020-11-03/23/*{'farm-xxx_barn-3_camera-1_2020-11-03T23h00m00s+0000.png', 'farm-xxx_barn-3_camera-1_2020-11-03T23h01m00s+0000.png', 'farm-xxx_barn-3_camera-1_2020-11-03T23h02m00s+0000.png', 'farm-xxx_barn-3_camera-1_2020-11-03T23h03m00s+0000.png', 'farm-xxx_barn-3_camera-1_2020-11-03T23h04m00s+0000.png', 'farm-xxx_barn-3_camera-1_2020-11-03T23h05m00s+0000.png'}",
            "../input2/node/images/frames/farm-xxx/camera-1/images/2020-11-04/00/*{'farm-xxx_barn-3_camera-1_2020-11-04T00h00m00s+0000.png', 'farm-xxx_barn-3_camera-1_2020-11-04T00h01m00s+0000.png', 'farm-xxx_barn-3_camera-1_2020-11-04T00h02m00s+0000.png', 'farm-xxx_barn-3_camera-1_2020-11-04T00h03m00s+0000.png', 'farm-xxx_barn-3_camera-1_2020-11-04T00h04m00s+0000.png', 'farm-xxx_barn-3_camera-1_2020-11-04T00h05m00s+0000.png'}",
            "../input2/node/images/frames/farm-xxx/camera-1/images/2020-11-04/01/*{'farm-xxx_barn-3_camera-1_2020-11-04T01h00m00s+0000.png', 'farm-xxx_barn-3_camera-1_2020-11-04T01h01m00s+0000.png', 'farm-xxx_barn-3_camera-1_2020-11-04T01h02m00s+0000.png', 'farm-xxx_barn-3_camera-1_2020-11-04T01h03m00s+0000.png', 'farm-xxx_barn-3_camera-1_2020-11-04T01h04m00s+0000.png', 'farm-xxx_barn-3_camera-1_2020-11-04T01h05m00s+0000.png'}",
            "../input2/node/images/frames/farm-xxx/camera-1/images/2020-11-04/02/*{'farm-xxx_barn-3_camera-1_2020-11-04T02h00m00s+0000.png', 'farm-xxx_barn-3_camera-1_2020-11-04T02h01m00s+0000.png', 'farm-xxx_barn-3_camera-1_2020-11-04T02h02m00s+0000.png', 'farm-xxx_barn-3_camera-1_2020-11-04T02h03m00s+0000.png', 'farm-xxx_barn-3_camera-1_2020-11-04T02h04m00s+0000.png', 'farm-xxx_barn-3_camera-1_2020-11-04T02h05m00s+0000.png'}",
            "../input2/node/images/frames/farm-xxx/camera-1/images/2020-11-04/03/*{'farm-xxx_barn-3_camera-1_2020-11-04T03h00m00s+0000.png', 'farm-xxx_barn-3_camera-1_2020-11-04T03h01m00s+0000.png', 'farm-xxx_barn-3_camera-1_2020-11-04T03h02m00s+0000.png', 'farm-xxx_barn-3_camera-1_2020-11-04T03h03m00s+0000.png', 'farm-xxx_barn-3_camera-1_2020-11-04T03h04m00s+0000.png', 'farm-xxx_barn-3_camera-1_2020-11-04T03h05m00s+0000.png'}",
            "../input2/node/images/frames/farm-xxx/camera-1/images/2020-11-04/04/*{'farm-xxx_barn-3_camera-1_2020-11-04T04h00m00s+0000.png', 'farm-xxx_barn-3_camera-1_2020-11-04T04h01m00s+0000.png', 'farm-xxx_barn-3_camera-1_2020-11-04T04h02m00s+0000.png', 'farm-xxx_barn-3_camera-1_2020-11-04T04h03m00s+0000.png', 'farm-xxx_barn-3_camera-1_2020-11-04T04h04m00s+0000.png', 'farm-xxx_barn-3_camera-1_2020-11-04T04h05m00s+0000.png'}",
            "../input2/node/images/frames/farm-xxx/camera-1/images/2020-11-04/05/*{'farm-xxx_barn-3_camera-1_2020-11-04T05h00m00s+0000.png', 'farm-xxx_barn-3_camera-1_2020-11-04T05h01m00s+0000.png', 'farm-xxx_barn-3_camera-1_2020-11-04T05h02m00s+0000.png', 'farm-xxx_barn-3_camera-1_2020-11-04T05h03m00s+0000.png', 'farm-xxx_barn-3_camera-1_2020-11-04T05h04m00s+0000.png', 'farm-xxx_barn-3_camera-1_2020-11-04T05h05m00s+0000.png'}",
            "../input2/node/images/frames/farm-xxx/camera-1/images/2020-11-04/06/*{'farm-xxx_barn-3_camera-1_2020-11-04T06h00m00s+0000.png', 'farm-xxx_barn-3_camera-1_2020-11-04T06h01m00s+0000.png', 'farm-xxx_barn-3_camera-1_2020-11-04T06h02m00s+0000.png', 'farm-xxx_barn-3_camera-1_2020-11-04T06h03m00s+0000.png', 'farm-xxx_barn-3_camera-1_2020-11-04T06h04m00s+0000.png'}",
            "../input2/node/images/frames/farm-xxx/camera-1/images/2020-11-04/07/*{'farm-xxx_barn-3_camera-1_2020-11-04T07h00m00s+0000.png', 'farm-xxx_barn-3_camera-1_2020-11-04T07h01m00s+0000.png', 'farm-xxx_barn-3_camera-1_2020-11-04T07h02m00s+0000.png', 'farm-xxx_barn-3_camera-1_2020-11-04T07h03m00s+0000.png', 'farm-xxx_barn-3_camera-1_2020-11-04T07h04m00s+0000.png', 'farm-xxx_barn-3_camera-1_2020-11-04T07h05m00s+0000.png'}",
            "../input2/node/images/frames/farm-xxx/camera-2/images/2020-11-03/08/*{'farm-xxx_barn-3_camera-2_2020-11-03T08h00m00s+0000.png', 'farm-xxx_barn-3_camera-2_2020-11-03T08h01m00s+0000.png', 'farm-xxx_barn-3_camera-2_2020-11-03T08h02m00s+0000.png', 'farm-xxx_barn-3_camera-2_2020-11-03T08h03m00s+0000.png', 'farm-xxx_barn-3_camera-2_2020-11-03T08h04m00s+0000.png', 'farm-xxx_barn-3_camera-2_2020-11-03T08h05m00s+0000.png'}",
            "../input2/node/images/frames/farm-xxx/camera-2/images/2020-11-03/09/*{'farm-xxx_barn-3_camera-2_2020-11-03T09h00m00s+0000.png', 'farm-xxx_barn-3_camera-2_2020-11-03T09h01m00s+0000.png', 'farm-xxx_barn-3_camera-2_2020-11-03T09h02m00s+0000.png', 'farm-xxx_barn-3_camera-2_2020-11-03T09h03m00s+0000.png', 'farm-xxx_barn-3_camera-2_2020-11-03T09h04m00s+0000.png', 'farm-xxx_barn-3_camera-2_2020-11-03T09h05m00s+0000.png'}",
            "../input2/node/images/frames/farm-xxx/camera-2/images/2020-11-03/10/*{'farm-xxx_barn-3_camera-2_2020-11-03T10h00m00s+0000.png', 'farm-xxx_barn-3_camera-2_2020-11-03T10h01m00s+0000.png', 'farm-xxx_barn-3_camera-2_2020-11-03T10h02m00s+0000.png', 'farm-xxx_barn-3_camera-2_2020-11-03T10h03m00s+0000.png', 'farm-xxx_barn-3_camera-2_2020-11-03T10h04m00s+0000.png', 'farm-xxx_barn-3_camera-2_2020-11-03T10h05m00s+0000.png'}",
            "../input2/node/images/frames/farm-xxx/camera-2/images/2020-11-03/11/*{'farm-xxx_barn-3_camera-2_2020-11-03T11h00m00s+0000.png', 'farm-xxx_barn-3_camera-2_2020-11-03T11h01m00s+0000.png', 'farm-xxx_barn-3_camera-2_2020-11-03T11h02m00s+0000.png', 'farm-xxx_barn-3_camera-2_2020-11-03T11h03m00s+0000.png', 'farm-xxx_barn-3_camera-2_2020-11-03T11h04m00s+0000.png', 'farm-xxx_barn-3_camera-2_2020-11-03T11h05m00s+0000.png'}",
            "../input2/node/images/frames/farm-xxx/camera-2/images/2020-11-03/12/*{'farm-xxx_barn-3_camera-2_2020-11-03T12h00m00s+0000.png', 'farm-xxx_barn-3_camera-2_2020-11-03T12h01m00s+0000.png', 'farm-xxx_barn-3_camera-2_2020-11-03T12h02m00s+0000.png', 'farm-xxx_barn-3_camera-2_2020-11-03T12h03m00s+0000.png', 'farm-xxx_barn-3_camera-2_2020-11-03T12h04m00s+0000.png', 'farm-xxx_barn-3_camera-2_2020-11-03T12h05m00s+0000.png'}",
            "../input2/node/images/frames/farm-xxx/camera-2/images/2020-11-03/13/*{'farm-xxx_barn-3_camera-2_2020-11-03T13h00m00s+0000.png', 'farm-xxx_barn-3_camera-2_2020-11-03T13h01m00s+0000.png', 'farm-xxx_barn-3_camera-2_2020-11-03T13h02m00s+0000.png', 'farm-xxx_barn-3_camera-2_2020-11-03T13h03m00s+0000.png', 'farm-xxx_barn-3_camera-2_2020-11-03T13h04m00s+0000.png', 'farm-xxx_barn-3_camera-2_2020-11-03T13h05m00s+0000.png'}",
            "../input2/node/images/frames/farm-xxx/camera-2/images/2020-11-03/14/*{'farm-xxx_barn-3_camera-2_2020-11-03T14h00m00s+0000.png', 'farm-xxx_barn-3_camera-2_2020-11-03T14h01m00s+0000.png', 'farm-xxx_barn-3_camera-2_2020-11-03T14h02m00s+0000.png', 'farm-xxx_barn-3_camera-2_2020-11-03T14h03m00s+0000.png', 'farm-xxx_barn-3_camera-2_2020-11-03T14h04m00s+0000.png', 'farm-xxx_barn-3_camera-2_2020-11-03T14h05m00s+0000.png'}",
            "../input2/node/images/frames/farm-xxx/camera-2/images/2020-11-03/15/*{'farm-xxx_barn-3_camera-2_2020-11-03T15h00m00s+0000.png', 'farm-xxx_barn-3_camera-2_2020-11-03T15h01m00s+0000.png', 'farm-xxx_barn-3_camera-2_2020-11-03T15h02m00s+0000.png', 'farm-xxx_barn-3_camera-2_2020-11-03T15h03m00s+0000.png', 'farm-xxx_barn-3_camera-2_2020-11-03T15h04m00s+0000.png', 'farm-xxx_barn-3_camera-2_2020-11-03T15h05m00s+0000.png'}",
            "../input2/node/images/frames/farm-xxx/camera-2/images/2020-11-03/16/*{'farm-xxx_barn-3_camera-2_2020-11-03T16h00m00s+0000.png', 'farm-xxx_barn-3_camera-2_2020-11-03T16h01m00s+0000.png', 'farm-xxx_barn-3_camera-2_2020-11-03T16h02m00s+0000.png', 'farm-xxx_barn-3_camera-2_2020-11-03T16h03m00s+0000.png', 'farm-xxx_barn-3_camera-2_2020-11-03T16h04m00s+0000.png', 'farm-xxx_barn-3_camera-2_2020-11-03T16h05m00s+0000.png'}",
            "../input2/node/images/frames/farm-xxx/camera-2/images/2020-11-03/17/*{'farm-xxx_barn-3_camera-2_2020-11-03T17h00m00s+0000.png', 'farm-xxx_barn-3_camera-2_2020-11-03T17h01m00s+0000.png', 'farm-xxx_barn-3_camera-2_2020-11-03T17h02m00s+0000.png', 'farm-xxx_barn-3_camera-2_2020-11-03T17h03m00s+0000.png', 'farm-xxx_barn-3_camera-2_2020-11-03T17h04m00s+0000.png', 'farm-xxx_barn-3_camera-2_2020-11-03T17h05m00s+0000.png'}",
            "../input2/node/images/frames/farm-xxx/camera-2/images/2020-11-03/18/*{'farm-xxx_barn-3_camera-2_2020-11-03T18h00m00s+0000.png', 'farm-xxx_barn-3_camera-2_2020-11-03T18h01m00s+0000.png', 'farm-xxx_barn-3_camera-2_2020-11-03T18h02m00s+0000.png', 'farm-xxx_barn-3_camera-2_2020-11-03T18h03m00s+0000.png', 'farm-xxx_barn-3_camera-2_2020-11-03T18h04m00s+0000.png', 'farm-xxx_barn-3_camera-2_2020-11-03T18h05m00s+0000.png'}",
            "../input2/node/images/frames/farm-xxx/camera-2/images/2020-11-03/19/*{'farm-xxx_barn-3_camera-2_2020-11-03T19h00m00s+0000.png', 'farm-xxx_barn-3_camera-2_2020-11-03T19h01m00s+0000.png', 'farm-xxx_barn-3_camera-2_2020-11-03T19h02m00s+0000.png', 'farm-xxx_barn-3_camera-2_2020-11-03T19h03m00s+0000.png', 'farm-xxx_barn-3_camera-2_2020-11-03T19h04m00s+0000.png', 'farm-xxx_barn-3_camera-2_2020-11-03T19h05m00s+0000.png'}",
            "../input2/node/images/frames/farm-xxx/camera-2/images/2020-11-03/20/*{'farm-xxx_barn-3_camera-2_2020-11-03T20h00m00s+0000.png', 'farm-xxx_barn-3_camera-2_2020-11-03T20h01m00s+0000.png', 'farm-xxx_barn-3_camera-2_2020-11-03T20h02m00s+0000.png', 'farm-xxx_barn-3_camera-2_2020-11-03T20h03m00s+0000.png', 'farm-xxx_barn-3_camera-2_2020-11-03T20h04m00s+0000.png', 'farm-xxx_barn-3_camera-2_2020-11-03T20h05m00s+0000.png'}",
            "../input2/node/images/frames/farm-xxx/camera-2/images/2020-11-03/21/*{'farm-xxx_barn-3_camera-2_2020-11-03T21h00m00s+0000.png', 'farm-xxx_barn-3_camera-2_2020-11-03T21h01m00s+0000.png', 'farm-xxx_barn-3_camera-2_2020-11-03T21h02m00s+0000.png', 'farm-xxx_barn-3_camera-2_2020-11-03T21h03m00s+0000.png', 'farm-xxx_barn-3_camera-2_2020-11-03T21h04m00s+0000.png', 'farm-xxx_barn-3_camera-2_2020-11-03T21h05m00s+0000.png'}",
            "../input2/node/images/frames/farm-xxx/camera-2/images/2020-11-03/22/*{'farm-xxx_barn-3_camera-2_2020-11-03T22h00m00s+0000.png', 'farm-xxx_barn-3_camera-2_2020-11-03T22h01m00s+0000.png', 'farm-xxx_barn-3_camera-2_2020-11-03T22h02m00s+0000.png', 'farm-xxx_barn-3_camera-2_2020-11-03T22h03m00s+0000.png', 'farm-xxx_barn-3_camera-2_2020-11-03T22h04m00s+0000.png', 'farm-xxx_barn-3_camera-2_2020-11-03T22h05m00s+0000.png'}",
            "../input2/node/images/frames/farm-xxx/camera-2/images/2020-11-03/23/*{'farm-xxx_barn-3_camera-2_2020-11-03T23h00m00s+0000.png', 'farm-xxx_barn-3_camera-2_2020-11-03T23h01m00s+0000.png', 'farm-xxx_barn-3_camera-2_2020-11-03T23h02m00s+0000.png', 'farm-xxx_barn-3_camera-2_2020-11-03T23h03m00s+0000.png', 'farm-xxx_barn-3_camera-2_2020-11-03T23h04m00s+0000.png', 'farm-xxx_barn-3_camera-2_2020-11-03T23h05m00s+0000.png'}",
            "../input2/node/images/frames/farm-xxx/camera-2/images/2020-11-04/00/*{'farm-xxx_barn-3_camera-2_2020-11-04T00h00m00s+0000.png', 'farm-xxx_barn-3_camera-2_2020-11-04T00h01m00s+0000.png', 'farm-xxx_barn-3_camera-2_2020-11-04T00h02m00s+0000.png', 'farm-xxx_barn-3_camera-2_2020-11-04T00h03m00s+0000.png', 'farm-xxx_barn-3_camera-2_2020-11-04T00h04m00s+0000.png', 'farm-xxx_barn-3_camera-2_2020-11-04T00h05m00s+0000.png'}",
            "../input2/node/images/frames/farm-xxx/camera-2/images/2020-11-04/01/*{'farm-xxx_barn-3_camera-2_2020-11-04T01h00m00s+0000.png', 'farm-xxx_barn-3_camera-2_2020-11-04T01h01m00s+0000.png', 'farm-xxx_barn-3_camera-2_2020-11-04T01h02m00s+0000.png', 'farm-xxx_barn-3_camera-2_2020-11-04T01h03m00s+0000.png', 'farm-xxx_barn-3_camera-2_2020-11-04T01h04m00s+0000.png', 'farm-xxx_barn-3_camera-2_2020-11-04T01h05m00s+0000.png'}",
            "../input2/node/images/frames/farm-xxx/camera-2/images/2020-11-04/02/*{'farm-xxx_barn-3_camera-2_2020-11-04T02h00m00s+0000.png', 'farm-xxx_barn-3_camera-2_2020-11-04T02h01m00s+0000.png', 'farm-xxx_barn-3_camera-2_2020-11-04T02h02m00s+0000.png', 'farm-xxx_barn-3_camera-2_2020-11-04T02h03m00s+0000.png', 'farm-xxx_barn-3_camera-2_2020-11-04T02h04m00s+0000.png', 'farm-xxx_barn-3_camera-2_2020-11-04T02h05m00s+0000.png'}",
            "../input2/node/images/frames/farm-xxx/camera-2/images/2020-11-04/03/*{'farm-xxx_barn-3_camera-2_2020-11-04T03h00m00s+0000.png', 'farm-xxx_barn-3_camera-2_2020-11-04T03h01m00s+0000.png', 'farm-xxx_barn-3_camera-2_2020-11-04T03h02m00s+0000.png', 'farm-xxx_barn-3_camera-2_2020-11-04T03h03m00s+0000.png', 'farm-xxx_barn-3_camera-2_2020-11-04T03h04m00s+0000.png', 'farm-xxx_barn-3_camera-2_2020-11-04T03h05m00s+0000.png'}",
            "../input2/node/images/frames/farm-xxx/camera-2/images/2020-11-04/04/*{'farm-xxx_barn-3_camera-2_2020-11-04T04h00m00s+0000.png', 'farm-xxx_barn-3_camera-2_2020-11-04T04h01m00s+0000.png', 'farm-xxx_barn-3_camera-2_2020-11-04T04h02m00s+0000.png', 'farm-xxx_barn-3_camera-2_2020-11-04T04h03m00s+0000.png', 'farm-xxx_barn-3_camera-2_2020-11-04T04h04m00s+0000.png', 'farm-xxx_barn-3_camera-2_2020-11-04T04h05m00s+0000.png'}",
            "../input2/node/images/frames/farm-xxx/camera-2/images/2020-11-04/05/*{'farm-xxx_barn-3_camera-2_2020-11-04T05h00m00s+0000.png', 'farm-xxx_barn-3_camera-2_2020-11-04T05h01m00s+0000.png', 'farm-xxx_barn-3_camera-2_2020-11-04T05h02m00s+0000.png', 'farm-xxx_barn-3_camera-2_2020-11-04T05h03m00s+0000.png', 'farm-xxx_barn-3_camera-2_2020-11-04T05h04m00s+0000.png', 'farm-xxx_barn-3_camera-2_2020-11-04T05h05m00s+0000.png'}",
            "../input2/node/images/frames/farm-xxx/camera-2/images/2020-11-04/06/*{'farm-xxx_barn-3_camera-2_2020-11-04T06h00m00s+0000.png', 'farm-xxx_barn-3_camera-2_2020-11-04T06h01m00s+0000.png', 'farm-xxx_barn-3_camera-2_2020-11-04T06h02m00s+0000.png', 'farm-xxx_barn-3_camera-2_2020-11-04T06h03m00s+0000.png', 'farm-xxx_barn-3_camera-2_2020-11-04T06h04m00s+0000.png'}",
            "../input2/node/images/frames/farm-xxx/camera-2/images/2020-11-04/07/*{'farm-xxx_barn-3_camera-2_2020-11-04T07h00m00s+0000.png', 'farm-xxx_barn-3_camera-2_2020-11-04T07h01m00s+0000.png', 'farm-xxx_barn-3_camera-2_2020-11-04T07h02m00s+0000.png', 'farm-xxx_barn-3_camera-2_2020-11-04T07h03m00s+0000.png', 'farm-xxx_barn-3_camera-2_2020-11-04T07h04m00s+0000.png', 'farm-xxx_barn-3_camera-2_2020-11-04T07h05m00s+0000.png'}"
        ]
    }
]